Microsoft Windows [Version 10.0.19045.4170]
(c) Microsoft Corporation. All rights reserved.

C:\Users\KingdomCome>sqlplus seshop/1234

SQL*Plus: Release 11.2.0.2.0 Production on 수 3월 27 13:22:29 2024

Copyright (c) 1982, 2014, Oracle.  All rights reserved.


Connected to:
Oracle Database 11g Express Edition Release 11.2.0.2.0 - 64bit Production

SQL> select table_name from user_tables;

TABLE_NAME
------------------------------------------------------------
ADMIN
TOPCATEGORY
SUBCATEGORY
PRODUCT
NOTICE
GALLERY
MEMBER
SKILL
NEWS
COMMENTS
STORE

11 rows selected.

SQL> -- 테이블 복사
SQL> create table board
  2  as
  3  select * from notice;

Table created.

SQL> select * from board;

NOTICE_IDX
----------
TITLE
--------------------------------------------------------------------------------
WRITER
----------------------------------------
CONTENT
--------------------------------------------------------------------------------
REGDATE         HIT
-------- ----------
         1
null
null

NOTICE_IDX
----------
TITLE
--------------------------------------------------------------------------------
WRITER
----------------------------------------
CONTENT
--------------------------------------------------------------------------------
REGDATE         HIT
-------- ----------
null
24/03/15          0


NOTICE_IDX
----------
TITLE
--------------------------------------------------------------------------------
WRITER
----------------------------------------
CONTENT
--------------------------------------------------------------------------------
REGDATE         HIT
-------- ----------
         2
null
null

NOTICE_IDX
----------
TITLE
--------------------------------------------------------------------------------
WRITER
----------------------------------------
CONTENT
--------------------------------------------------------------------------------
REGDATE         HIT
-------- ----------
null
24/03/15          0


NOTICE_IDX
----------
TITLE
--------------------------------------------------------------------------------
WRITER
----------------------------------------
CONTENT
--------------------------------------------------------------------------------
REGDATE         HIT
-------- ----------
         3
ㄴㅇ
ㄴㅇ

NOTICE_IDX
----------
TITLE
--------------------------------------------------------------------------------
WRITER
----------------------------------------
CONTENT
--------------------------------------------------------------------------------
REGDATE         HIT
-------- ----------
ㄴㅇ
24/03/15          0


NOTICE_IDX
----------
TITLE
--------------------------------------------------------------------------------
WRITER
----------------------------------------
CONTENT
--------------------------------------------------------------------------------
REGDATE         HIT
-------- ----------
         4
asd
asd

NOTICE_IDX
----------
TITLE
--------------------------------------------------------------------------------
WRITER
----------------------------------------
CONTENT
--------------------------------------------------------------------------------
REGDATE         HIT
-------- ----------
asd
24/03/19          0


NOTICE_IDX
----------
TITLE
--------------------------------------------------------------------------------
WRITER
----------------------------------------
CONTENT
--------------------------------------------------------------------------------
REGDATE         HIT
-------- ----------
        21
aa
aa

NOTICE_IDX
----------
TITLE
--------------------------------------------------------------------------------
WRITER
----------------------------------------
CONTENT
--------------------------------------------------------------------------------
REGDATE         HIT
-------- ----------
aa
24/03/25          0


NOTICE_IDX
----------
TITLE
--------------------------------------------------------------------------------
WRITER
----------------------------------------
CONTENT
--------------------------------------------------------------------------------
REGDATE         HIT
-------- ----------
        22
aa
aa

NOTICE_IDX
----------
TITLE
--------------------------------------------------------------------------------
WRITER
----------------------------------------
CONTENT
--------------------------------------------------------------------------------
REGDATE         HIT
-------- ----------
aa
24/03/25          0


NOTICE_IDX
----------
TITLE
--------------------------------------------------------------------------------
WRITER
----------------------------------------
CONTENT
--------------------------------------------------------------------------------
REGDATE         HIT
-------- ----------
        23
aa
aa

NOTICE_IDX
----------
TITLE
--------------------------------------------------------------------------------
WRITER
----------------------------------------
CONTENT
--------------------------------------------------------------------------------
REGDATE         HIT
-------- ----------
aa
24/03/25          0


NOTICE_IDX
----------
TITLE
--------------------------------------------------------------------------------
WRITER
----------------------------------------
CONTENT
--------------------------------------------------------------------------------
REGDATE         HIT
-------- ----------
        24
pool
pool

NOTICE_IDX
----------
TITLE
--------------------------------------------------------------------------------
WRITER
----------------------------------------
CONTENT
--------------------------------------------------------------------------------
REGDATE         HIT
-------- ----------
pool
24/03/25          0


NOTICE_IDX
----------
TITLE
--------------------------------------------------------------------------------
WRITER
----------------------------------------
CONTENT
--------------------------------------------------------------------------------
REGDATE         HIT
-------- ----------
        25
ㅁㄴㅇㄹ
ㅁㄴㅇㄹ

NOTICE_IDX
----------
TITLE
--------------------------------------------------------------------------------
WRITER
----------------------------------------
CONTENT
--------------------------------------------------------------------------------
REGDATE         HIT
-------- ----------
ㅁㄴㅇㄹ
24/03/25          0


9 rows selected.

SQL> desc boardl
ERROR:
ORA-04043: object boardl does not exist


SQL> desc board;
 Name                                      Null?    Type
 ----------------------------------------- -------- ----------------------------
 NOTICE_IDX                                         NUMBER
 TITLE                                              VARCHAR2(100)
 WRITER                                             VARCHAR2(20)
 CONTENT                                            CLOB
 REGDATE                                            DATE
 HIT                                                NUMBER

SQL> delete board;

9 rows deleted.

SQL> alter table board
  2  drop column notice_idx
  3  ;

Table altered.

SQL> delete board;

0 rows deleted.

SQL> desc board;
 Name                                      Null?    Type
 ----------------------------------------- -------- ----------------------------
 TITLE                                              VARCHAR2(100)
 WRITER                                             VARCHAR2(20)
 CONTENT                                            CLOB
 REGDATE                                            DATE
 HIT                                                NUMBER

SQL> alter table board
  2  add board_idx number primary key;

Table altered.

SQL> desc board;
 Name                                      Null?    Type
 ----------------------------------------- -------- ----------------------------
 TITLE                                              VARCHAR2(100)
 WRITER                                             VARCHAR2(20)
 CONTENT                                            CLOB
 REGDATE                                            DATE
 HIT                                                NUMBER
 BOARD_IDX                                 NOT NULL NUMBER

SQL> create sequence seq_board
  2  increment by 1
  3  start with 1;

Sequence created.

SQL>
